
> next-app@0.1.0 build D:\nextJs(techcure)\techcure2026
> next build

Γû▓ Next.js 16.1.6 (Turbopack)
- Environments: .env

  Creating an optimized production build ...
node.exe : 
At C:\Users\shubh\AppData\Ro
aming\npm\pnpm.ps1:24 char:5
+     & "node$exe"  "$basedi
r/node_modules/pnpm/bin/pnpm
.cjs" $args
+     ~~~~~~~~~~~~~~~~~~~~~~
~~~~~~~~~~~~~~~~~~~~~~~~~~~~
~~~~~~~~~~~
    + CategoryInfo          
    : NotSpecified: (:Stri  
  ng) [], RemoteException
    + FullyQualifiedErrorId 
    : NativeCommandError
 
> Build error occurred
Error: Turbopack build 
failed with 2 errors:
./app/api/teams/[id]/members
/route.ts:7:1
Module not found: Can't 
resolve 'nanoid'
[0m [90m  5 |[39m 
[36mimport[39m { 
volunteerTeam[33m,[39m 
volunteerProfile[33m,[39m 
teamMembership } 
[36mfrom[39m [32m"@/db/sc
hema"[39m[33m;[39m
 [90m  6 |[39m 
[36mimport[39m { 
eq[33m,[39m 
and[33m,[39m sql } 
[36mfrom[39m [32m"drizzle
-orm"[39m[33m;[39m
[31m[1m>[22m[39m[90m  
7 |[39m [36mimport[39m { 
nanoid } [36mfrom[39m [32
m"nanoid"[39m[33m;[39m
 [90m    |[39m [31m[1m^
[22m[39m[31m[1m^[22m[39
m[31m[1m^[22m[39m[31m[
1m^[22m[39m[31m[1m^[22m
[39m[31m[1m^[22m[39m[3
1m[1m^[22m[39m[31m[1m^
[22m[39m[31m[1m^[22m[39
m[31m[1m^[22m[39m[31m[
1m^[22m[39m[31m[1m^[22m
[39m[31m[1m^[22m[39m[3
1m[1m^[22m[39m[31m[1m^
[22m[39m[31m[1m^[22m[39
m[31m[1m^[22m[39m[31m[
1m^[22m[39m[31m[1m^[22m
[39m[31m[1m^[22m[39m[3
1m[1m^[22m[39m[31m[1m^
[22m[39m[31m[1m^[22m[39
m[31m[1m^[22m[39m[31m[
1m^[22m[39m[31m[1m^[22m
[39m[31m[1m^[22m[39m[3
1m[1m^[22m[39m[31m[1m^
[22m[39m[31m[1m^[22m[39
m[31m[1m^[22m[39m[31m[
1m^[22m[39m
 [90m  8 |[39m
 [90m  9 |[39m 
[36minterface[39m 
[33mRouteParams[39m {
 [90m 10 |[39m     
params[33m:[39m [33mPromi
se[39m[33m<[39m{ 
id[33m:[39m string 
}[33m>[39m[33m;[39m[0m



https://nextjs.org/docs/mess
ages/module-not-found


./app/api/user/profile/route
.ts:7:1
Module not found: Can't 
resolve 'nanoid'
[0m [90m  5 |[39m 
[36mimport[39m { 
userProfile[33m,[39m user 
} [36mfrom[39m [32m"@/db/
schema"[39m[33m;[39m
 [90m  6 |[39m 
[36mimport[39m { eq } 
[36mfrom[39m [32m"drizzle
-orm"[39m[33m;[39m
[31m[1m>[22m[39m[90m  
7 |[39m [36mimport[39m { 
nanoid } [36mfrom[39m [32
m"nanoid"[39m[33m;[39m
 [90m    |[39m [31m[1m^
[22m[39m[31m[1m^[22m[39
m[31m[1m^[22m[39m[31m[
1m^[22m[39m[31m[1m^[22m
[39m[31m[1m^[22m[39m[3
1m[1m^[22m[39m[31m[1m^
[22m[39m[31m[1m^[22m[39
m[31m[1m^[22m[39m[31m[
1m^[22m[39m[31m[1m^[22m
[39m[31m[1m^[22m[39m[3
1m[1m^[22m[39m[31m[1m^
[22m[39m[31m[1m^[22m[39
m[31m[1m^[22m[39m[31m[
1m^[22m[39m[31m[1m^[22m
[39m[31m[1m^[22m[39m[3
1m[1m^[22m[39m[31m[1m^
[22m[39m[31m[1m^[22m[39
m[31m[1m^[22m[39m[31m[
1m^[22m[39m[31m[1m^[22m
[39m[31m[1m^[22m[39m[3
1m[1m^[22m[39m[31m[1m^
[22m[39m[31m[1m^[22m[39
m[31m[1m^[22m[39m[31m[
1m^[22m[39m
 [90m  8 |[39m
 [90m  9 |[39m 
[90m/**[39m
 [90m 10 |[39m [90m * 
GET 
/api/user/profile[39m[0m



https://nextjs.org/docs/mess
ages/module-not-found


    at <unknown> (./app/api/
teams/[id]/members/route.ts:
7:1)
    at <unknown> (https://ne
xtjs.org/docs/messages/modul
e-not-found)
    at <unknown> (./app/api/
user/profile/route.ts:7:1)
    at <unknown> (https://ne
xtjs.org/docs/messages/modul
e-not-found)
ΓÇëELIFECYCLEΓÇë Command failed with exit code 1.
